apiVersion: rbac.authorization.k8s.io/v1
kind: ClusterRole
metadata:
  labels:
    app.kubernetes.io/instance: appcat-service-postgresql
    app.kubernetes.io/managed-by: Helm
    app.kubernetes.io/name: provider-postgresql
    helm.sh/chart: provider-postgresql-0.4.0
    rbac.authorization.k8s.io/aggregate-to-view: 'true'
  name: appcat-service-postgresql-provider-postgresql-view
rules:
  - apiGroups:
      - postgresql.appcat.vshn.io
    resources:
      - postgresqlstandalones
    verbs:
      - get
      - list
      - watch
  - apiGroups:
      - postgresql.appcat.vshn.io
    resources:
      - postgresqlstandalones/finalizers
      - postgresqlstandalones/status
    verbs:
      - get
---
apiVersion: rbac.authorization.k8s.io/v1
kind: ClusterRole
metadata:
  labels:
    app.kubernetes.io/instance: appcat-service-postgresql
    app.kubernetes.io/managed-by: Helm
    app.kubernetes.io/name: provider-postgresql
    helm.sh/chart: provider-postgresql-0.4.0
    rbac.authorization.k8s.io/aggregate-to-admin: 'true'
    rbac.authorization.k8s.io/aggregate-to-edit: 'true'
  name: appcat-service-postgresql-provider-postgresql-edit
rules:
  - apiGroups:
      - postgresql.appcat.vshn.io
    resources:
      - postgresqlstandalones
    verbs:
      - create
      - delete
      - get
      - list
      - patch
      - update
      - watch
