apiVersion: rbac.authorization.k8s.io/v1
kind: ClusterRoleBinding
metadata:
  labels:
    app.kubernetes.io/instance: appcat-service-postgresql
    app.kubernetes.io/managed-by: Helm
    app.kubernetes.io/name: provider-postgresql
    helm.sh/chart: provider-postgresql-0.1.2
  name: appcat-service-postgresql-provider-postgresql
roleRef:
  apiGroup: rbac.authorization.k8s.io
  kind: ClusterRole
  name: appcat-service-postgresql-provider-postgresql
subjects:
  - kind: ServiceAccount
    name: appcat-service-postgresql-provider-postgresql
    namespace: appcat-service-postgresql
