apiVersion: rbac.authorization.k8s.io/v1
kind: ClusterRole
metadata:
  labels:
    app.kubernetes.io/instance: appcat-service-postgresql
    app.kubernetes.io/managed-by: Helm
    app.kubernetes.io/name: provider-postgresql
    helm.sh/chart: provider-postgresql-0.4.0
  name: appcat-service-postgresql-provider-postgresql-manager
rules:
  - apiGroups:
      - coordination.k8s.io
    resources:
      - leases
    verbs:
      - create
      - get
      - list
      - update
  - apiGroups:
      - ''
    resources:
      - namespaces
    verbs:
      - create
      - delete
      - get
      - list
      - patch
      - update
      - watch
  - apiGroups:
      - ''
    resources:
      - persistentvolumeclaims
    verbs:
      - create
      - delete
      - get
      - list
      - patch
      - update
      - watch
  - apiGroups:
      - ''
    resources:
      - secrets
    verbs:
      - create
      - delete
      - get
      - list
      - patch
      - update
      - watch
  - apiGroups:
      - ''
    resources:
      - services
    verbs:
      - get
      - list
      - watch
  - apiGroups:
      - helm.crossplane.io
    resources:
      - providerconfigs
    verbs:
      - get
      - list
      - watch
  - apiGroups:
      - helm.crossplane.io
    resources:
      - releases
    verbs:
      - create
      - delete
      - get
      - list
      - patch
      - update
      - watch
  - apiGroups:
      - k8up.io
    resources:
      - schedules
    verbs:
      - create
      - delete
      - get
      - list
      - patch
      - update
      - watch
  - apiGroups:
      - postgresql.appcat.vshn.io
    resources:
      - postgresqlstandaloneoperatorconfigs
    verbs:
      - create
      - delete
      - get
      - list
      - patch
      - update
      - watch
  - apiGroups:
      - postgresql.appcat.vshn.io
    resources:
      - postgresqlstandaloneoperatorconfigs/finalizers
      - postgresqlstandaloneoperatorconfigs/status
    verbs:
      - get
      - patch
      - update
  - apiGroups:
      - postgresql.appcat.vshn.io
    resources:
      - postgresqlstandalones
    verbs:
      - create
      - delete
      - get
      - list
      - patch
      - update
      - watch
  - apiGroups:
      - postgresql.appcat.vshn.io
    resources:
      - postgresqlstandalones/finalizers
      - postgresqlstandalones/status
    verbs:
      - get
      - patch
      - update
