apiVersion: v1
data:
  tls.crt: null
  tls.key: null
kind: Secret
metadata:
  labels:
    app.kubernetes.io/instance: appcat-service-postgresql
    app.kubernetes.io/managed-by: Helm
    app.kubernetes.io/name: provider-postgresql
    helm.sh/chart: provider-postgresql-0.1.7
  name: appcat-service-postgresql-provider-postgresql-webhook-tls
