apiVersion: admissionregistration.k8s.io/v1
kind: ValidatingWebhookConfiguration
metadata:
  labels:
    app.kubernetes.io/instance: appcat-service-postgresql
    app.kubernetes.io/managed-by: Helm
    app.kubernetes.io/name: provider-postgresql
    helm.sh/chart: provider-postgresql-0.1.2
  name: appcat-service-postgresql-provider-postgresql
webhooks:
  - admissionReviewVersions:
      - v1
    clientConfig:
      caBundle: ''
      service:
        name: appcat-service-postgresql-provider-postgresql
        namespace: appcat-service-postgresql
        path: /validate-postgresql-appcat-vshn-io-v1alpha1-postgresqlstandalone
    failurePolicy: Fail
    name: postgresqlstandalones.postgresql.appcat.vshn.io
    rules:
      - apiGroups:
          - postgresql.appcat.vshn.io
        apiVersions:
          - v1alpha1
        operations:
          - CREATE
          - UPDATE
          - DELETE
        resources:
          - postgresqlstandalones
    sideEffects: None
