apiVersion: v1
kind: Namespace
metadata:
  annotations: {}
  labels:
    name: appcat-service-postgresql
  name: appcat-service-postgresql
